0x00049180  seg_pmda.AdjustOffsets.LeftDAC
0x00049190  seg_pmda.AdjustOffsets.RightDAC
0x000491a0  seg_pmda.AdjustOffsets.LeftF
0x000491b0  seg_pmda.AdjustOffsets.RightF
0x000491c0  seg_pmda.AdjustOffsets.MiddleF
0x000491d0  seg_pmda.CollectBaselines.ChanCount
0x000491d1  seg_pmda.CompCoefs.x
0x000491d2  seg_pmda.CompCoefs.q
0x000491d3  seg_pmda.CompCoefs.elm
0x000491d4  seg_pmda.CompCoefs.elmg
0x000491d5  seg_pmda.CompCoefs.channumber
0x000491d6  seg_pmda.ComputeGammaCoeff.Numer
0x000491d7  seg_pmda.ComputeGammaCoeff.Denom
0x000491d8  seg_pmda.ComputeGammaCoeff.NegOneOverTau
0x000491d9  seg_pmda.ComputeGammaCoeff.Beta_L
0x000491da  seg_pmda.ComputeGammaCoeff.Beta_G
0x000491db  seg_pmda.ComputeGammaCoeff.Beta_GL
0x000491dc  seg_pmda.ComputeGammaCoeff.L
0x000491dd  seg_pmda.ComputeGammaCoeff.G
0x000491de  seg_pmda.ControlTasks.saveIMASK
0x000491df  seg_pmda.ControlTasks.count
0x000491e0  seg_pmda.FiPPIDecimatorWait.DecPeriod
0x000491e1  seg_pmda.FiPPIDecimatorWait.FIPPIclear
0x000491e2  seg_pmda.GetBLcut.BLAverage
0x000491f2  seg_pmda.GetBLcut.BLVariance
0x00049202  seg_pmda.GetBLcut.BLCounter
0x00049212  seg_pmda.GetBLcut.InverseBLCounter
0x00049222  seg_pmda.Globals.EnergyCorr
0x00049252  seg_pmda.Globals.DCoffsetCorr
0x00049262  seg_pmda.Globals.BLtoDC_Coeff
0x00049272  seg_pmda.Globals.RunActive
0x00049273  seg_pmda.Globals.RunType
0x00049274  seg_pmda.Globals.URetNum
0x00049275  seg_pmda.Globals.RT0a
0x00049276  seg_pmda.Globals.RT0b
0x00049277  seg_pmda.Globals.RT1a
0x00049278  seg_pmda.Globals.RT1b
0x00049279  seg_pmda.Globals.LastAccumulatedRunTimeA
0x0004927a  seg_pmda.Globals.LastAccumulatedRunTimeB
0x0004927b  seg_pmda.Globals.LastAccumulatedLiveTimeA
0x0004928b  seg_pmda.Globals.LastAccumulatedLiveTimeB
0x0004929b  seg_pmda.Globals.LastAccumulatedFastPeaksA
0x000492ab  seg_pmda.Globals.LastAccumulatedFastPeaksB
0x000492bb  seg_pmda.Globals.InEventLoop
0x000492bc  seg_pmda.Globals.ChReadMask
0x000492bd  seg_pmda.Globals.keepCSR
0x000492be  seg_pmda.Globals.BaseRejects
0x000492ce  seg_pmda.Globals.FIPPIaddr
0x000492de  seg_pmda.Globals.FIFOaddr
0x000492ee  seg_pmda.Globals.NewRun
0x000492fe  seg_pmda.Globals.Bsums
0x0004932e  seg_pmda.Globals.Baselines
0x0004933e  seg_pmda.Globals.GetBaseRet
0x0004934e  seg_pmda.Globals.BLcut_Float
0x0004935e  seg_pmda.Globals.Log2Bweight_Float
0x0004936e  seg_pmda.Globals.EventLength
0x0004937e  seg_pmda.Globals.HeaderLength
0x0004938e  seg_pmda.Globals.AllChsEventLenSum
0x0004938f  seg_pmda.Globals.TraceDPMAddr
0x0004939f  seg_pmda.Globals.HeaderDPMLevel
0x000493a0  seg_pmda.Globals.HeaderDPMAddr
0x000493b0  seg_pmda.Globals.HeaderDPMReadPntr
0x000493c0  seg_pmda.Globals.HeaderDPMWords
0x000493f0  seg_pmda.Globals.ReadOutHeaderChsBM
0x000493f1  seg_pmda.Globals.HeaderChsToBeReadBM
0x000493f2  seg_pmda.Globals.HeaderChsAlreadyRead
0x000493f3  seg_pmda.Globals.ChanNumInEventsQueue
0x00049403  seg_pmda.Globals.LastElapsedRunTime
0x00049404  seg_pmda.Globals.Fipreg2LoAllChs
0x00049414  seg_pmda.Globals.Fipreg2HiAllChs
0x00049424  seg_pmda.Globals.Gamma0
0x00049434  seg_pmda.Globals.Gamma1
0x00049444  seg_pmda.MCAEventProc.BaseBinAddress
0x00049445  seg_pmda.MCAEventProc.TraceStartAddr
0x00049446  seg_pmda.MCAEventProc.RcdTraceLength
0x00049447  seg_pmda.MCAEventProc.TransmittedEventsCounter
0x00049448  seg_pmda.ProgramFippi.ChanCount
0x00049449  seg_pmda.ProgramFippi.FipBaseAddr
0x0004944a  seg_pmda.ProgramFippi.Fipreg0Lo
0x0004944b  seg_pmda.ProgramFippi.Fipreg0Hi
0x0004944c  seg_pmda.ProgramFippi.Fipreg1Lo
0x0004944d  seg_pmda.ProgramFippi.Fipreg1Hi
0x0004944e  seg_pmda.ProgramFippi.Fipreg2Lo
0x0004944f  seg_pmda.ProgramFippi.Fipreg2Hi
0x00049450  seg_pmda.ProgramFippi.Fipreg5Lo
0x00049451  seg_pmda.ProgramFippi.Fipreg5Hi
0x00049452  seg_pmda.ProgramFippi.Fipreg17Lo
0x00049453  seg_pmda.ProgramFippi.Fipreg17Hi
0x00049454  seg_pmda.ProgramFippi.Fipreg22Lo
0x00049455  seg_pmda.ProgramFippi.Fipreg22Hi
0x00049456  seg_pmda.ProgramFippi.Fipreg6Lo
0x00049457  seg_pmda.ProgramFippi.Fipreg6Hi
0x00049458  seg_pmda.ProgramFippi.Fipreg7Lo
0x00049459  seg_pmda.ProgramFippi.Fipreg7Hi
0x0004945a  seg_pmda.ProgramFippi.Fipreg13Lo
0x0004945b  seg_pmda.ProgramFippi.Fipreg13Hi
0x0004945c  seg_pmda.RampOffsetDACs.DACvalue
0x0004945d  seg_pmda.RampOffsetDACs.saveOffsetDACs
0x0004946d  seg_pmda.RevF500MHzEventProc_NoSorting.BaseBinAddress
0x0004946e  seg_pmda.RevF500MHzEventProc_NoSorting.TraceStartAddr
0x0004946f  seg_pmda.RevF500MHzEventProc_NoSorting.RcdTraceLength
0x00049470  seg_pmda.RevF500MHzEventProc_NoSorting.RcdTraceFlag
0x00049471  seg_pmda.RevF500MHzEventProc_NoSorting.ComEnergyFlag
0x00049472  seg_pmda.RevF500MHzEventProc_NoSorting.ReadNotSaveTraceFlag
0x00049473  seg_pmda.RevF500MHzEventProc_NoSorting.RcdEventLength
0x00049474  seg_pmda.RevF500MHzEventProc_NoSorting.RcdHeaderLength
0x00049475  seg_pmda.RevF500MHzEventProc_NoSorting.EventID
0x00049476  seg_pmda.RevF500MHzEventProc_NoSorting.TimestampLo
0x00049477  seg_pmda.RevF500MHzEventProc_NoSorting.TimestampHiCFD
0x00049478  seg_pmda.RevF500MHzEventProc_NoSorting.extts_lo
0x00049479  seg_pmda.RevF500MHzEventProc_NoSorting.extts_hi
0x0004947a  seg_pmda.RevF500MHzEventProc_NoSorting.RcdTraceLength_Div5
0x0004947b  seg_pmda.RevF500MHzEventProc_NoSorting.RangeBadFlag
0x0004947c  seg_pmda.RevF500MHzEventProc_Sorting.BaseBinAddress
0x0004947d  seg_pmda.RevF500MHzEventProc_Sorting.TraceStartAddr
0x0004947e  seg_pmda.RevF500MHzEventProc_Sorting.RcdTraceLength
0x0004947f  seg_pmda.RevF500MHzEventProc_Sorting.TransmittedEventsCounter
0x00049480  seg_pmda.RevF500MHzEventProc_Sorting.RcdTraceFlag
0x00049481  seg_pmda.RevF500MHzEventProc_Sorting.ComEnergyFlag
0x00049482  seg_pmda.RevF500MHzEventProc_Sorting.ReadNotSaveTraceFlag
0x00049483  seg_pmda.RevF500MHzEventProc_Sorting.RcdEventLength
0x00049484  seg_pmda.RevF500MHzEventProc_Sorting.RcdHeaderLength
0x00049485  seg_pmda.RevF500MHzEventProc_Sorting.EventID
0x00049486  seg_pmda.RevF500MHzEventProc_Sorting.TimestampLo
0x00049487  seg_pmda.RevF500MHzEventProc_Sorting.TimestampHiCFD
0x00049488  seg_pmda.RevF500MHzEventProc_Sorting.extts_lo
0x00049489  seg_pmda.RevF500MHzEventProc_Sorting.extts_hi
0x0004948a  seg_pmda.RevF500MHzEventProc_Sorting.RcdTraceLength_Div5
0x0004948b  seg_pmda.RevF500MHzEventProc_Sorting.RangeBadFlag
0x0004948c  seg_pmda.TauComputer.tempstack
0x00049491  seg_pmda.TauFinder.SumX
0x000494a1  seg_pmda.TauFinder.SumY
0x000494b1  seg_pmda.TauFinder.SumY2
0x000494c1  seg_pmda.TauFinder.SumXY
0x000494d1  seg_pmda.TauFinder.SumX2
0x000494e1  seg_pmda.TauFinder.SumN
0x0004a000  seg_IOparams.Globals.ModNum
0x0004a001  seg_IOparams.Globals.ModCSRA
0x0004a002  seg_IOparams.Globals.ModCSRB
0x0004a003  seg_IOparams.Globals.ModFormat
0x0004a004  seg_IOparams.Globals.RunTask
0x0004a005  seg_IOparams.Globals.ControlTask
0x0004a006  seg_IOparams.Globals.MaxEvents
0x0004a007  seg_IOparams.Globals.CoincPattern
0x0004a008  seg_IOparams.Globals.CoincWait
0x0004a009  seg_IOparams.Globals.SynchWait
0x0004a00a  seg_IOparams.Globals.InSynch
0x0004a00b  seg_IOparams.Globals.Resume
0x0004a00c  seg_IOparams.Globals.SlowFilterRange
0x0004a00d  seg_IOparams.Globals.FastFilterRange
0x0004a00e  seg_IOparams.Globals.ChanNum
0x0004a00f  seg_IOparams.Globals.HostIO
0x0004a01f  seg_IOparams.Globals.UserIn
0x0004a02f  seg_IOparams.Globals.FastTrigBackplaneEna
0x0004a030  seg_IOparams.Globals.CrateID
0x0004a031  seg_IOparams.Globals.SlotID
0x0004a032  seg_IOparams.Globals.ModID
0x0004a033  seg_IOparams.Globals.TrigConfig
0x0004a037  seg_IOparams.Globals.U00
0x0004a03e  seg_IOparams.Globals.HostRunTimePreset
0x0004a03f  seg_IOparams.Globals.PowerUpInitDone
0x0004a040  seg_IOparams.Globals.ChanCSRa
0x0004a050  seg_IOparams.Globals.ChanCSRb
0x0004a060  seg_IOparams.Globals.GainDAC
0x0004a070  seg_IOparams.Globals.OffsetDAC
0x0004a080  seg_IOparams.Globals.DigGain
0x0004a090  seg_IOparams.Globals.SlowLength
0x0004a0a0  seg_IOparams.Globals.SlowGap
0x0004a0b0  seg_IOparams.Globals.FastLength
0x0004a0c0  seg_IOparams.Globals.FastGap
0x0004a0d0  seg_IOparams.Globals.PeakSample
0x0004a0e0  seg_IOparams.Globals.PeakSep
0x0004a0f0  seg_IOparams.Globals.CFDThresh
0x0004a100  seg_IOparams.Globals.FastThresh
0x0004a110  seg_IOparams.Globals.ThreshWidth
0x0004a120  seg_IOparams.Globals.PAFlength
0x0004a130  seg_IOparams.Globals.TriggerDelay
0x0004a140  seg_IOparams.Globals.ResetDelay
0x0004a150  seg_IOparams.Globals.ChanTrigStretch
0x0004a160  seg_IOparams.Globals.TraceLength
0x0004a170  seg_IOparams.Globals.Xwait
0x0004a180  seg_IOparams.Globals.TrigOutLen
0x0004a190  seg_IOparams.Globals.EnergyLow
0x0004a1a0  seg_IOparams.Globals.Log2Ebin
0x0004a1b0  seg_IOparams.Globals.MultiplicityMaskL
0x0004a1c0  seg_IOparams.Globals.PSAoffset
0x0004a1d0  seg_IOparams.Globals.PSAlength
0x0004a1e0  seg_IOparams.Globals.Integrator
0x0004a1f0  seg_IOparams.Globals.BLcut
0x0004a200  seg_IOparams.Globals.BaselinePercent
0x0004a210  seg_IOparams.Globals.FtrigoutDelay
0x0004a220  seg_IOparams.Globals.Log2Bweight
0x0004a230  seg_IOparams.Globals.PreampTau
0x0004a240  seg_IOparams.Globals.Xavg
0x0004a250  seg_IOparams.Globals.MultiplicityMaskH
0x0004a260  seg_IOparams.Globals.FastTrigBackLen
0x0004a270  seg_IOparams.Globals.CFDDelay
0x0004a280  seg_IOparams.Globals.CFDScale
0x0004a290  seg_IOparams.Globals.ExtTrigStretch
0x0004a2a0  seg_IOparams.Globals.VetoStretch
0x0004a2b0  seg_IOparams.Globals.ExternDelayLen
0x0004a2c0  seg_IOparams.Globals.QDCLen0
0x0004a2d0  seg_IOparams.Globals.QDCLen1
0x0004a2e0  seg_IOparams.Globals.QDCLen2
0x0004a2f0  seg_IOparams.Globals.QDCLen3
0x0004a300  seg_IOparams.Globals.QDCLen4
0x0004a310  seg_IOparams.Globals.QDCLen5
0x0004a320  seg_IOparams.Globals.QDCLen6
0x0004a330  seg_IOparams.Globals.QDCLen7
0x0004a340  seg_IOparams.Globals.RealTimeA
0x0004a341  seg_IOparams.Globals.RealTimeB
0x0004a342  seg_IOparams.Globals.RunTimeA
0x0004a343  seg_IOparams.Globals.RunTimeB
0x0004a344  seg_IOparams.Globals.GSLTtime
0x0004a345  seg_IOparams.Globals.NumEventsA
0x0004a346  seg_IOparams.Globals.NumEventsB
0x0004a347  seg_IOparams.Globals.DSPerror
0x0004a348  seg_IOparams.Globals.SynchDone
0x0004a349  seg_IOparams.Globals.BufHeadLen
0x0004a34a  seg_IOparams.Globals.EventHeadLen
0x0004a34b  seg_IOparams.Globals.ChanHeadLen
0x0004a34c  seg_IOparams.Globals.UserOut
0x0004a35c  seg_IOparams.Globals.AOutBuffer
0x0004a35d  seg_IOparams.Globals.LOutBuffer
0x0004a35e  seg_IOparams.Globals.AECorr
0x0004a35f  seg_IOparams.Globals.LECorr
0x0004a360  seg_IOparams.Globals.HardwareID
0x0004a361  seg_IOparams.Globals.HardVariant
0x0004a362  seg_IOparams.Globals.FIFOLength
0x0004a363  seg_IOparams.Globals.FippiID
0x0004a364  seg_IOparams.Globals.FippiVariant
0x0004a365  seg_IOparams.Globals.DSPrelease
0x0004a366  seg_IOparams.Globals.DSPbuild
0x0004a367  seg_IOparams.Globals.DSPVariant
0x0004a368  seg_IOparams.Globals.U20
0x0004a37f  seg_IOparams.Globals.LiveTimeA
0x0004a38f  seg_IOparams.Globals.LiveTimeB
0x0004a39f  seg_IOparams.Globals.FastPeaksA
0x0004a3af  seg_IOparams.Globals.FastPeaksB
0x0004a3bf  seg_IOparams.Globals.OverflowA
0x0004a3cf  seg_IOparams.Globals.OverflowB
0x0004a3df  seg_IOparams.Globals.InSpecA
0x0004a3ef  seg_IOparams.Globals.InSpecB
0x0004a3ff  seg_IOparams.Globals.UnderflowA
0x0004a40f  seg_IOparams.Globals.UnderflowB
0x0004a41f  seg_IOparams.Globals.ChanEventsA
0x0004a42f  seg_IOparams.Globals.ChanEventsB
0x0004a43f  seg_IOparams.Globals.AutoTau
0x0004a44f  seg_IOparams.Globals.U30
0x0004a500  seg_Cirbuf.Globals.Cirbuf
0x0004d500  seg_dmda.errno._errno
0x0004d504  seg_dmda.exp.exponential_data
0x0004d519  seg_dmda.expf.exponential_data
0x0004d525  seg_dmda.logsf.logs_data
0x0004e000  seg_TransBuf.Globals.TransBuf
0x00050000  seg_IObuf.Globals.IObuffer
